2026-03-12 18:21:21,323 | INFO | Starting satellite pipeline
2026-03-12 18:21:21,323 | INFO | Fetching satellite data
2026-03-12 18:21:26,278 | INFO | Satellite data downloaded!
2026-03-12 18:21:26,279 | INFO | Parsing TLE dataset
2026-03-12 18:21:26,353 | INFO | Parsed 14683 satellites
2026-03-12 18:21:26,356 | INFO | Pipeline complete
2026-03-12 18:29:56,325 | INFO | Starting satellite pipeline
2026-03-12 18:29:56,326 | INFO | Fetching satellite data
2026-03-12 18:30:01,646 | INFO | Satellite data downloaded!
2026-03-12 18:30:01,647 | INFO | Step 2: Parse TLE data
2026-03-12 18:30:01,647 | INFO | Parsing TLE dataset
2026-03-12 18:30:01,723 | INFO | Parsed 14683 satellites
2026-03-12 18:30:01,725 | INFO | Pipeline completed successfully
2026-03-12 18:30:01,729 | INFO | Pipeline runtime: 5.4 seconds
2026-03-12 18:30:50,218 | INFO | Starting satellite pipeline
2026-03-12 18:30:50,219 | INFO | Step 1: Fetch satellite data
2026-03-12 18:30:50,219 | INFO | Fetching satellite data
2026-03-12 18:30:56,020 | INFO | Satellite data downloaded!
2026-03-12 18:30:56,021 | INFO | Step 2: Parse TLE data
2026-03-12 18:30:56,021 | INFO | Parsing TLE dataset
2026-03-12 18:30:56,098 | INFO | Parsed 14683 satellites
2026-03-12 18:30:56,100 | INFO | Pipeline completed successfully
2026-03-12 18:30:56,100 | INFO | Pipeline runtime: 5.88 seconds
2026-04-04 13:11:06,480 | INFO | Starting satellite pipeline
2026-04-04 13:11:06,480 | INFO | Step 1: Fetch satellite data
2026-04-04 13:11:06,480 | INFO | Fetching satellite data
2026-04-04 13:11:11,360 | INFO | Satellite data downloaded!
2026-04-04 13:11:11,365 | INFO | Step 2: Parse TLE data
2026-04-04 13:11:11,365 | INFO | Parsing TLE dataset
2026-04-04 13:11:11,445 | INFO | Parsed 14931 satellites
2026-04-04 13:11:11,448 | INFO | Pipeline completed successfully
2026-04-04 13:11:11,448 | INFO | Pipeline runtime: 4.97 seconds
2026-04-04 13:33:47,560 | INFO | Starting satellite pipeline
2026-04-04 13:33:47,560 | INFO | Step 1: Fetch satellite data
2026-04-04 13:33:47,561 | INFO | Fetching satellite data
2026-04-04 13:33:52,727 | INFO | Satellite data downloaded!
2026-04-04 13:33:52,728 | INFO | Step 2: Parse TLE data
2026-04-04 13:33:52,729 | INFO | Parsing TLE dataset
2026-04-04 13:33:52,731 | INFO | Parsed 0 satellites
2026-04-04 13:33:52,731 | INFO | Step 3: Enriching Satellite data
2026-04-04 13:33:52,732 | ERROR | Pipeline failed
2026-04-04 13:33:52,732 | ERROR | name 'enrich_satellite_data' is not defined
2026-04-04 13:33:52,732 | INFO | Pipeline runtime: 5.17 seconds
2026-04-04 13:37:13,364 | INFO | Starting satellite pipeline
2026-04-04 13:37:13,364 | INFO | Step 1: Fetch satellite data
2026-04-04 13:37:13,364 | INFO | Fetching satellite data
2026-04-04 13:37:14,519 | INFO | Satellite data downloaded!
2026-04-04 13:37:14,521 | INFO | Step 2: Parse TLE data
2026-04-04 13:37:14,521 | INFO | Parsing TLE dataset
2026-04-04 13:37:14,526 | ERROR | Pipeline failed
2026-04-04 13:37:14,526 | ERROR | could not convert string to float: 'is'
2026-04-04 13:37:14,526 | INFO | Pipeline runtime: 1.16 seconds
2026-04-04 13:40:35,334 | INFO | Starting satellite pipeline
2026-04-04 13:40:35,334 | INFO | Step 1: Fetch satellite data
2026-04-04 13:40:35,334 | INFO | Fetching satellite data
2026-04-04 13:40:36,414 | INFO | Satellite data downloaded!
2026-04-04 13:40:36,415 | INFO | Step 2: Parse TLE data
2026-04-04 13:40:36,415 | INFO | Parsing TLE dataset
2026-04-04 13:40:36,416 | ERROR | Pipeline failed
2026-04-04 13:40:36,416 | ERROR | could not convert string to float: 'is'
2026-04-04 13:40:36,416 | INFO | Pipeline runtime: 1.08 seconds
2026-04-04 13:44:35,667 | INFO | Starting satellite pipeline
2026-04-04 13:44:35,667 | INFO | Step 1: Fetch satellite data
2026-04-04 13:44:35,667 | INFO | Fetching satellite data
2026-04-04 13:44:38,625 | INFO | Satellite data downloaded!
2026-04-04 13:44:38,626 | INFO | Step 2: Parse TLE data
2026-04-04 13:44:38,626 | INFO | Parsing TLE dataset
2026-04-04 13:44:38,627 | ERROR | Pipeline failed
2026-04-04 13:44:38,627 | ERROR | could not convert string to float: 'is'
2026-04-04 13:44:38,628 | INFO | Pipeline runtime: 2.96 seconds
2026-04-04 13:48:06,407 | INFO | Starting satellite pipeline
2026-04-04 13:48:06,407 | INFO | Step 1: Fetch satellite data
2026-04-04 13:48:06,407 | INFO | Attempting URL
2026-04-04 13:48:08,393 | INFO | Satellite data downloaded!
2026-04-04 13:48:08,394 | INFO | Step 2: Parse TLE data
2026-04-04 13:48:08,395 | INFO | Parsing TLE dataset
2026-04-04 13:48:08,395 | ERROR | Pipeline failed
2026-04-04 13:48:08,395 | ERROR | [Errno 2] No such file or directory: 'data\\active_satellites.txt'
2026-04-04 13:48:08,395 | INFO | Pipeline runtime: 1.99 seconds
2026-04-04 13:49:54,537 | INFO | Starting satellite pipeline
2026-04-04 13:49:54,537 | INFO | Step 1: Fetch satellite data
2026-04-04 13:49:54,538 | INFO | Attempting URL
2026-04-04 13:49:55,405 | INFO | Satellite data downloaded!
2026-04-04 13:49:55,406 | INFO | Step 2: Parse TLE data
2026-04-04 13:49:55,406 | INFO | Parsing TLE dataset
2026-04-04 13:49:55,406 | ERROR | Pipeline failed
2026-04-04 13:49:55,407 | ERROR | [Errno 2] No such file or directory: 'data\\active_satellites.txt'
2026-04-04 13:49:55,407 | INFO | Pipeline runtime: 0.87 seconds
2026-04-04 13:50:53,380 | INFO | Starting satellite pipeline
2026-04-04 13:50:53,380 | INFO | Step 1: Fetch satellite data
2026-04-04 13:50:53,380 | INFO | Attempting URL
2026-04-04 13:50:54,207 | INFO | Satellite data downloaded!
2026-04-04 13:50:54,209 | INFO | Step 2: Parse TLE data
2026-04-04 13:50:54,209 | INFO | Parsing TLE dataset
2026-04-04 13:50:54,209 | ERROR | Pipeline failed
2026-04-04 13:50:54,209 | ERROR | [Errno 2] No such file or directory: 'data\\active_satellites.txt'
2026-04-04 13:50:54,209 | INFO | Pipeline runtime: 0.83 seconds
2026-04-04 13:58:50,808 | INFO | Starting satellite pipeline
2026-04-04 13:58:50,808 | INFO | Step 1: Fetch satellite data
2026-04-04 13:58:50,809 | INFO | Attempting URL
2026-04-04 13:58:51,581 | WARNING | No new satellite data available — keeping existing file
2026-04-04 13:58:51,582 | INFO | Step 2: Parse TLE data
2026-04-04 13:58:51,583 | INFO | Parsing TLE dataset
2026-04-04 13:58:51,583 | ERROR | Pipeline failed
2026-04-04 13:58:51,583 | ERROR | [Errno 2] No such file or directory: 'data\\active_satellites.txt'
2026-04-04 13:58:51,583 | INFO | Pipeline runtime: 0.77 seconds
2026-04-04 14:43:38,772 | INFO | Starting satellite pipeline
2026-04-04 14:43:38,772 | INFO | Step 1: Fetch satellite data
2026-04-04 14:43:38,772 | INFO | Attempting URL
2026-04-04 14:43:39,567 | WARNING | No new satellite data available — keeping existing file
2026-04-04 14:43:39,568 | INFO | Step 2: Parse TLE data
2026-04-04 14:43:39,568 | INFO | Parsing TLE dataset
2026-04-04 14:43:39,569 | ERROR | Pipeline failed
2026-04-04 14:43:39,569 | ERROR | [Errno 2] No such file or directory: 'data\\active_satellites.txt'
2026-04-04 14:43:39,569 | INFO | Pipeline runtime: 0.8 seconds
2026-04-04 14:52:58,612 | INFO | Starting satellite pipeline
2026-04-04 14:52:58,612 | INFO | Step 1: Fetch satellite data
2026-04-04 14:52:58,612 | INFO | Attempting URL
2026-04-04 14:52:59,423 | WARNING | No new satellite data available — keeping existing file
2026-04-04 14:52:59,424 | INFO | Step 2: Parse TLE data
2026-04-04 14:52:59,424 | INFO | Parsing TLE dataset
2026-04-04 14:52:59,425 | ERROR | Pipeline failed
2026-04-04 14:52:59,425 | ERROR | [Errno 2] No such file or directory: 'data\\active_satellites.txt'
2026-04-04 14:52:59,425 | INFO | Pipeline runtime: 0.81 seconds
2026-04-04 14:58:48,320 | INFO | Starting satellite pipeline
2026-04-04 14:58:48,320 | INFO | Step 1: Fetch satellite data
2026-04-04 14:58:48,320 | INFO | Attempting URL
2026-04-04 14:58:49,258 | WARNING | No new satellite data available — keeping existing file
2026-04-04 14:58:49,259 | INFO | Step 2: Parse TLE data
2026-04-04 14:58:49,259 | INFO | Parsing TLE dataset
2026-04-04 14:58:49,259 | ERROR | Pipeline failed
2026-04-04 14:58:49,259 | ERROR | [Errno 2] No such file or directory: 'data\\active_satellites.txt'
2026-04-04 14:58:49,260 | INFO | Pipeline runtime: 0.94 seconds
2026-04-04 15:45:45,205 | INFO | Starting satellite pipeline
2026-04-04 15:45:45,205 | INFO | Step 1: Fetch satellite data
2026-04-04 15:45:45,206 | INFO | Attempting URL
2026-04-04 15:45:55,087 | INFO | Satellite data downloaded to C:\Users\Jack\Documents\satellite-data-platform\data\satellites_raw.txt
2026-04-04 15:45:55,088 | INFO | Step 2: Parse TLE data
2026-04-04 15:45:55,088 | INFO | Parsing TLE dataset
2026-04-04 15:45:55,089 | ERROR | Pipeline failed
2026-04-04 15:45:55,089 | ERROR | [Errno 2] No such file or directory: 'data\\active_satellites.txt'
2026-04-04 15:45:55,089 | INFO | Pipeline runtime: 9.88 seconds
2026-04-04 15:47:44,136 | INFO | Starting satellite pipeline
2026-04-04 15:47:44,136 | INFO | Step 1: Fetch satellite data
2026-04-04 15:47:44,136 | INFO | Attempting URL
2026-04-04 15:47:45,624 | WARNING | No new satellite data available — keeping existing file
2026-04-04 15:47:45,625 | INFO | Step 2: Parse TLE data
2026-04-04 15:47:45,626 | INFO | Parsing TLE dataset
2026-04-04 15:47:45,654 | ERROR | Pipeline failed
2026-04-04 15:47:45,654 | ERROR | 'WindowsPath' object has no attribute 'csv'
2026-04-04 15:47:45,657 | INFO | Pipeline runtime: 1.52 seconds
2026-04-04 15:49:22,465 | INFO | Starting satellite pipeline
2026-04-04 15:49:22,465 | INFO | Step 1: Fetch satellite data
2026-04-04 15:49:22,466 | INFO | Attempting URL
2026-04-04 15:49:23,413 | WARNING | No new satellite data available — keeping existing file
2026-04-04 15:49:23,414 | INFO | Step 2: Parse TLE data
2026-04-04 15:49:23,414 | INFO | Parsing TLE dataset
2026-04-04 15:49:23,445 | ERROR | Pipeline failed
2026-04-04 15:49:23,445 | ERROR | 'WindowsPath' object has no attribute 'csv'
2026-04-04 15:49:23,447 | INFO | Pipeline runtime: 0.98 seconds
2026-04-04 15:50:21,971 | INFO | Starting satellite pipeline
2026-04-04 15:50:21,971 | INFO | Step 1: Fetch satellite data
2026-04-04 15:50:21,971 | INFO | Attempting URL
2026-04-04 15:50:26,195 | WARNING | No new satellite data available — keeping existing file
2026-04-04 15:50:26,196 | INFO | Step 2: Parse TLE data
2026-04-04 15:50:26,196 | INFO | Parsing TLE dataset
2026-04-04 15:50:26,224 | ERROR | Pipeline failed
2026-04-04 15:50:26,224 | ERROR | 'WindowsPath' object has no attribute 'csv'
2026-04-04 15:50:26,227 | INFO | Pipeline runtime: 4.26 seconds
2026-04-04 15:50:44,364 | INFO | Starting satellite pipeline
2026-04-04 15:50:44,364 | INFO | Step 1: Fetch satellite data
2026-04-04 15:50:44,365 | INFO | Attempting URL
2026-04-04 15:50:46,266 | WARNING | No new satellite data available — keeping existing file
2026-04-04 15:50:46,267 | INFO | Step 2: Parse TLE data
2026-04-04 15:50:46,267 | INFO | Parsing TLE dataset
2026-04-04 15:50:46,298 | ERROR | Pipeline failed
2026-04-04 15:50:46,298 | ERROR | 'WindowsPath' object has no attribute 'csv'
2026-04-04 15:50:46,300 | INFO | Pipeline runtime: 1.94 seconds
2026-04-04 15:59:15,052 | INFO | Starting satellite pipeline
2026-04-04 15:59:15,052 | INFO | Step 1: Fetch satellite data
2026-04-04 15:59:15,053 | INFO | Attempting URL
2026-04-04 15:59:15,835 | WARNING | No new satellite data available — keeping existing file
2026-04-04 15:59:15,836 | INFO | Step 2: Parse TLE data
2026-04-04 15:59:15,836 | INFO | Parsing TLE dataset
2026-04-04 15:59:15,910 | INFO | Parsed 14931 satellites
2026-04-04 15:59:15,913 | INFO | Step 3: Enrich satellite data
2026-04-04 15:59:15,913 | INFO | Calculating
2026-04-04 15:59:15,992 | INFO | Satellite dataset enriched
2026-04-04 15:59:15,992 | INFO | Pipeline completed successfully
2026-04-04 15:59:15,992 | INFO | Pipeline runtime: 0.94 seconds
2026-04-04 16:05:31,751 | INFO | Starting satellite pipeline
2026-04-04 16:05:31,751 | INFO | Step 1: Fetch satellite data
2026-04-04 16:05:31,751 | INFO | Attempting URL
2026-04-04 16:05:40,130 | WARNING | No new satellite data available — keeping existing file
2026-04-04 16:05:40,132 | INFO | Step 2: Parse TLE data
2026-04-04 16:05:40,132 | INFO | Parsing TLE dataset
2026-04-04 16:05:40,213 | INFO | Parsed 14931 satellites
2026-04-04 16:05:40,216 | INFO | Step 3: Enrich satellite data
2026-04-04 16:05:40,216 | INFO | Calculating
2026-04-04 16:05:40,288 | INFO | Satellite dataset enriched
2026-04-04 16:05:40,289 | INFO | Pipeline completed successfully
2026-04-04 16:05:40,289 | INFO | Pipeline runtime: 8.54 seconds
2026-04-05 10:35:18,920 | INFO | Starting satellite pipeline
2026-04-05 10:35:18,921 | INFO | Step 1: Fetch satellite data
2026-04-05 10:35:18,921 | INFO | Attempting URL
2026-04-05 10:35:24,904 | INFO | Satellite data downloaded to C:\Users\Jack\Documents\satellite-data-platform\data\satellites_raw.txt
2026-04-05 10:35:24,906 | INFO | Step 2: Parse TLE data
2026-04-05 10:35:24,906 | INFO | Parsing TLE dataset
2026-04-05 10:35:24,994 | INFO | Parsed 14928 satellites
2026-04-05 10:35:24,997 | INFO | Step 3: Enrich satellite data
2026-04-05 10:35:24,997 | INFO | Calculating
2026-04-05 10:35:25,096 | INFO | Satellite dataset enriched
2026-04-05 10:35:25,096 | INFO | Pipeline completed successfully
2026-04-05 10:35:25,097 | INFO | Pipeline runtime: 6.18 seconds
2026-04-05 10:55:07,476 | INFO | Starting satellite pipeline
2026-04-05 10:55:07,476 | INFO | Step 1: Fetch satellite data
2026-04-05 10:55:07,477 | INFO | Attempting URL
2026-04-05 10:55:08,300 | WARNING | No new satellite data available — keeping existing file
2026-04-05 10:55:08,301 | INFO | Step 2: Parse TLE data
2026-04-05 10:55:08,301 | INFO | Parsing TLE dataset
2026-04-05 10:55:08,393 | INFO | Parsed 14928 satellites
2026-04-05 10:55:08,396 | INFO | Step 3: Enrich satellite data
2026-04-05 10:55:08,397 | INFO | Calculating
2026-04-05 10:55:08,473 | INFO | Satellite dataset enriched
2026-04-05 10:55:08,474 | INFO | Step 4: Uploading to AWS
2026-04-05 10:55:29,704 | ERROR | Pipeline failed
2026-04-05 10:55:29,704 | ERROR | (psycopg2.OperationalError) connection to server at "satellites-db.cdyocci62t5l.eu-west-2.rds.amazonaws.com" (172.31.33.138), port 5432 failed: Connection timed out (0x0000274C/10060)
	Is the server running on that host and accepting TCP/IP connections?

(Background on this error at: https://sqlalche.me/e/20/e3q8)
2026-04-05 10:55:29,705 | INFO | Pipeline runtime: 22.23 seconds
2026-04-05 10:57:48,395 | INFO | Starting satellite pipeline
2026-04-05 10:57:48,396 | INFO | Step 1: Fetch satellite data
2026-04-05 10:57:48,396 | INFO | Attempting URL
2026-04-05 10:57:49,188 | WARNING | No new satellite data available — keeping existing file
2026-04-05 10:57:49,189 | INFO | Step 2: Parse TLE data
2026-04-05 10:57:49,190 | INFO | Parsing TLE dataset
2026-04-05 10:57:49,275 | INFO | Parsed 14928 satellites
2026-04-05 10:57:49,278 | INFO | Step 3: Enrich satellite data
2026-04-05 10:57:49,278 | INFO | Calculating
2026-04-05 10:57:49,367 | INFO | Satellite dataset enriched
2026-04-05 10:57:49,367 | INFO | Step 4: Uploading to AWS
2026-04-05 10:58:10,473 | ERROR | Pipeline failed
2026-04-05 10:58:10,474 | ERROR | (psycopg2.OperationalError) connection to server at "satellites-db.cdyocci62t5l.eu-west-2.rds.amazonaws.com" (172.31.33.138), port 5432 failed: Connection timed out (0x0000274C/10060)
	Is the server running on that host and accepting TCP/IP connections?

(Background on this error at: https://sqlalche.me/e/20/e3q8)
2026-04-05 10:58:10,474 | INFO | Pipeline runtime: 22.08 seconds
2026-04-05 11:00:17,524 | INFO | Starting satellite pipeline
2026-04-05 11:00:17,525 | INFO | Step 1: Fetch satellite data
2026-04-05 11:00:17,525 | INFO | Attempting URL
2026-04-05 11:00:21,925 | WARNING | No new satellite data available — keeping existing file
2026-04-05 11:00:21,926 | INFO | Step 2: Parse TLE data
2026-04-05 11:00:21,927 | INFO | Parsing TLE dataset
2026-04-05 11:00:22,004 | INFO | Parsed 14928 satellites
2026-04-05 11:00:22,007 | INFO | Step 3: Enrich satellite data
2026-04-05 11:00:22,007 | INFO | Calculating
2026-04-05 11:00:22,071 | INFO | Satellite dataset enriched
2026-04-05 11:00:22,072 | INFO | Step 4: Uploading to AWS
2026-04-05 11:00:25,500 | INFO | Pipeline completed successfully
2026-04-05 11:00:25,500 | INFO | Pipeline runtime: 7.98 seconds
2026-04-05 11:34:29,613 | INFO | Starting satellite pipeline
2026-04-05 11:34:29,613 | INFO | Step 1: Fetch satellite data
2026-04-05 11:34:29,613 | INFO | Attempting URL
2026-04-05 11:34:30,342 | INFO | Satellite data downloaded to C:\Users\Jack\Documents\satellite-data-platform\data\satellites_raw.txt
2026-04-05 11:34:30,343 | INFO | Step 2: Parse TLE data
2026-04-05 11:34:30,343 | INFO | Parsing TLE dataset
2026-04-05 11:34:30,353 | ERROR | Pipeline failed
2026-04-05 11:34:30,353 | ERROR | could not convert string to float: 'HTTP-EQUIV="Content-Type"'
2026-04-05 11:34:30,353 | INFO | Pipeline runtime: 0.74 seconds
2026-04-05 11:51:02,810 | INFO | Starting satellite pipeline
2026-04-05 11:51:02,810 | INFO | Step 1: Fetch satellite data
2026-04-05 11:51:02,810 | INFO | Fetching satellite data (attempt 1)
2026-04-05 11:51:08,178 | ERROR | Pipeline failed
2026-04-05 11:51:08,182 | ERROR | [WinError 183] Cannot create a file when that file already exists: 'C:\\Users\\Jack\\Documents\\satellite-data-platform\\data\\satellites_raw.tmp' -> 'C:\\Users\\Jack\\Documents\\satellite-data-platform\\data\\satellites_raw.txt'
2026-04-05 11:51:08,184 | INFO | Pipeline runtime: 5.37 seconds
2026-04-05 11:51:57,965 | INFO | Starting satellite pipeline
2026-04-05 11:51:57,965 | INFO | Step 1: Fetch satellite data
2026-04-05 11:51:57,966 | INFO | Fetching satellite data (attempt 1)
2026-04-05 11:51:58,765 | WARNING | Fetch attempt 1 failed: 403 Client Error: Forbidden for url: https://celestrak.org/NORAD/elements/gp.php?GROUP=active&FORMAT=tle
2026-04-05 11:51:58,765 | INFO | Retrying in 5 seconds...
2026-04-05 11:52:03,765 | INFO | Fetching satellite data (attempt 2)
2026-04-05 11:52:04,631 | WARNING | Fetch attempt 2 failed: 403 Client Error: Forbidden for url: https://celestrak.org/NORAD/elements/gp.php?GROUP=active&FORMAT=tle
2026-04-05 11:52:04,632 | INFO | Retrying in 5 seconds...
2026-04-05 11:52:09,632 | INFO | Fetching satellite data (attempt 3)
2026-04-05 11:52:10,522 | WARNING | Fetch attempt 3 failed: 403 Client Error: Forbidden for url: https://celestrak.org/NORAD/elements/gp.php?GROUP=active&FORMAT=tle
2026-04-05 11:52:10,522 | ERROR | All fetch attempts failed
2026-04-05 11:52:10,523 | ERROR | Fetch failed, stopping pipeline.
2026-04-05 11:52:10,523 | INFO | Pipeline runtime: 12.56 seconds
2026-04-05 11:54:03,963 | INFO | Starting satellite pipeline
2026-04-05 11:54:03,963 | INFO | Step 1: Fetch satellite data
2026-04-05 11:54:03,963 | INFO | Fetching satellite data (attempt 1)
2026-04-05 11:54:04,752 | WARNING | Fetch attempt 1 failed: 403 Client Error: Forbidden for url: https://celestrak.org/NORAD/elements/gp.php?GROUP=active&FORMAT=tle
2026-04-05 11:54:04,752 | INFO | Retrying in 5 seconds...
2026-04-05 11:54:09,752 | INFO | Fetching satellite data (attempt 2)
2026-04-05 11:54:10,554 | WARNING | Fetch attempt 2 failed: 403 Client Error: Forbidden for url: https://celestrak.org/NORAD/elements/gp.php?GROUP=active&FORMAT=tle
2026-04-05 11:54:10,554 | INFO | Retrying in 5 seconds...
2026-04-05 11:54:15,554 | INFO | Fetching satellite data (attempt 3)
2026-04-05 11:54:16,342 | WARNING | Fetch attempt 3 failed: 403 Client Error: Forbidden for url: https://celestrak.org/NORAD/elements/gp.php?GROUP=active&FORMAT=tle
2026-04-05 11:54:16,342 | ERROR | All fetch attempts failed
2026-04-05 11:54:16,343 | ERROR | Fetch failed, stopping pipeline.
2026-04-05 11:54:16,343 | INFO | Pipeline runtime: 12.38 seconds
2026-04-05 11:56:19,814 | INFO | Starting satellite pipeline
2026-04-05 11:56:19,814 | INFO | Step 1: Fetch satellite data
2026-04-05 11:56:19,814 | INFO | Fetching satellite data (attempt 1)
2026-04-05 11:56:20,637 | INFO | No new satellite data available — skipping update
2026-04-05 11:56:20,638 | INFO | Step 2: Parse TLE data
2026-04-05 11:56:20,639 | INFO | Parsing TLE dataset
2026-04-05 11:56:20,639 | ERROR | Pipeline failed
2026-04-05 11:56:20,639 | ERROR | could not convert string to float: 'HTTP-EQUIV="Content-Type"'
2026-04-05 11:56:20,639 | INFO | Pipeline runtime: 0.83 seconds
2026-04-05 11:58:41,104 | INFO | Starting satellite pipeline
2026-04-05 11:58:41,105 | INFO | Step 1: Fetch satellite data
2026-04-05 11:58:41,105 | INFO | Fetching satellite data (attempt 1)
2026-04-05 11:58:42,761 | INFO | No new satellite data available — skipping update
2026-04-05 11:58:42,762 | INFO | Pipeline skipped: no new satellite data available.
2026-04-05 11:58:42,762 | INFO | Pipeline runtime: 1.66 seconds
2026-04-05 12:03:44,178 | INFO | Starting Satellite Pipeline
2026-04-05 12:03:44,178 | INFO | Step 1: fetch_satellite_data.py
2026-04-05 12:03:44,178 | INFO | Fetching satellite data (attempt 1)
2026-04-05 12:03:45,238 | INFO | No new satellite data available — skipping update
2026-04-05 12:03:45,239 | INFO | Pipeline skipped: no new satellite data available.
2026-04-05 12:03:45,239 | INFO | Pipeline runtime: 1.06 seconds
